MPASM  5.51                   MINIPROJECT.ASM   11-22-2020  16:47:23         PAGE  1


LOC  OBJECT CODE     LINE SOURCE TEXT
  VALUE

                      00001 
                      00002 
                      00003 ;======================================================================
                      00004 ;PROGRAM TEMPLATE
                      00005 ;======================================================================
                      00006 
                      00007 #include<p18F4550.inc>
                      00001         LIST
                      00002 
                      00003 ;==========================================================================
                      00004 ;  MPASM PIC18F4550 processor include
                      00005 ; 
                      00006 ;  (c) Copyright 1999-2013 Microchip Technology, All rights reserved
                      00007 ;==========================================================================
                      00008 
                      01764         LIST
                      00008 
  00000000            00009 loop_cnt1       set     0x00
  00000001            00010 loop_cnt2       set     0x01
                      00011 
000000                00012                         org 0x00
000000 EF08 F001      00013                         goto start
000008                00014                         org 0x08
000008 0010           00015                         retfie
000018                00016                         org 0x18
000018 0010           00017                         retfie
                      00018 
                      00019 ;======================================================================
                      00020 ;DELAY (10 milliseconds)
                      00021 ;======================================================================
                      00022 
                      00023 dup_nop         macro   nabil
                      00024                         variable i 
                      00025 i = 0
                      00026                         while i < nabil 
                      00027                         nop
                      00028 i += 1
                      00029                         endw 
                      00030                         endm
                      00031 
                      00032 
00001A 0E14           00033 D10MS                   MOVLW   D'20'
00001C 6E01           00034                                 MOVWF   loop_cnt2, A
00001E 0EFA           00035 AGAIN1                  MOVLW   D'250'
000020 6E00           00036                                 MOVWF   loop_cnt1, A
                      00037 AGAIN2                  dup_nop D'17'
  0000                    M                         variable i 
  00000000                M i = 0
                          M                         while i < D'17' 
000022 0000               M                         nop
  00000001                M i += 1
000024 0000               M                         nop
  00000002                M i += 1
MPASM  5.51                   MINIPROJECT.ASM   11-22-2020  16:47:23         PAGE  2


LOC  OBJECT CODE     LINE SOURCE TEXT
  VALUE

000026 0000               M                         nop
  00000003                M i += 1
000028 0000               M                         nop
  00000004                M i += 1
00002A 0000               M                         nop
  00000005                M i += 1
00002C 0000               M                         nop
  00000006                M i += 1
00002E 0000               M                         nop
  00000007                M i += 1
000030 0000               M                         nop
  00000008                M i += 1
000032 0000               M                         nop
  00000009                M i += 1
000034 0000               M                         nop
  0000000A                M i += 1
000036 0000               M                         nop
  0000000B                M i += 1
000038 0000               M                         nop
  0000000C                M i += 1
00003A 0000               M                         nop
  0000000D                M i += 1
00003C 0000               M                         nop
  0000000E                M i += 1
00003E 0000               M                         nop
  0000000F                M i += 1
000040 0000               M                         nop
  00000010                M i += 1
000042 0000               M                         nop
  00000011                M i += 1
                          M                         endw 
000044 2E00           00038                                 DECFSZ  loop_cnt1, F,  A
000046 D7ED           00039                                 BRA             AGAIN2
000048 2E01           00040                                 DECFSZ  loop_cnt2, F, A
00004A D7E9           00041                                 BRA             AGAIN1
                      00042                 
00004C 0000           00043                                 NOP
00004E 0012           00044                                 RETURN
                      00045 
                      00046 ;====================================================================== 
                      00047 ;INPUT AND OUTPUT
                      00048 ;======================================================================
                      00049 
000050 9882           00050 COMMAND1                BCF             PORTC, 4, A
000052 9A82           00051                                 BCF             PORTC, 5, A
000054 8C82           00052                                 BSF             PORTC, 6, A
000056 EC0D F000      00053                                 CALL    D10MS
00005A 9C82           00054                                 BCF             PORTC, 6, A     
00005C 0012           00055                                 RETURN
                      00056 
00005E 8882           00057 DATA1                   BSF             PORTC, 4, A
000060 9A82           00058                                 BCF             PORTC, 5, A
000062 8C82           00059                                 BSF             PORTC, 6, A
MPASM  5.51                   MINIPROJECT.ASM   11-22-2020  16:47:23         PAGE  3


LOC  OBJECT CODE     LINE SOURCE TEXT
  VALUE

000064 EC0D F000      00060                                 CALL    D10MS
000068 9C82           00061                                 BCF             PORTC, 6, A     
00006A 0012           00062                                 RETURN
                      00063 
                      00064 ;=======================================================================
                      00065 ;DISPLAY NAME
                      00066 ;=======================================================================                        
                      00067                 
00006C 0E4D           00068 nabilicious             MOVLW   D'77'                           ; DISPLAY M
00006E 6E83           00069                                 MOVWF   PORTD, A
000070 EC2F F000      00070                                 CALL    DATA1
                      00071 
000074 0E55           00072                                 MOVLW   D'85'                           ; DISPLAY U
000076 6E83           00073                                 MOVWF   PORTD, A
000078 EC2F F000      00074                                 CALL    DATA1
                      00075 
00007C 0E48           00076                                 MOVLW   D'72'                           ; DISPLAY H
00007E 6E83           00077                                 MOVWF   PORTD, A
000080 EC2F F000      00078                                 CALL    DATA1
                      00079 
000084 0E41           00080                                 MOVLW   D'65'                           ; DISPLAY A
000086 6E83           00081                                 MOVWF   PORTD, A
000088 EC2F F000      00082                                 CALL    DATA1
                      00083 
00008C 0E4D           00084                                 MOVLW   D'77'                           ; DISPLAY M
00008E 6E83           00085                                 MOVWF   PORTD, A
000090 EC2F F000      00086                                 CALL    DATA1
                      00087 
000094 0E4D           00088                                 MOVLW   D'77'                           ; DISPLAY M
000096 6E83           00089                                 MOVWF   PORTD, A
000098 EC2F F000      00090                                 CALL    DATA1
                      00091 
00009C 0E41           00092                                 MOVLW   D'65'                           ; DISPLAY A
00009E 6E83           00093                                 MOVWF   PORTD, A
0000A0 EC2F F000      00094                                 CALL    DATA1
                      00095 
0000A4 0E44           00096                                 MOVLW   D'68'                           ; DISPLAY D
0000A6 6E83           00097                                 MOVWF   PORTD, A
0000A8 EC2F F000      00098                                 CALL    DATA1
                      00099 
0000AC 0E20           00100                                 MOVLW   D'32'                           ; DISPLAY SPACE
0000AE 6E83           00101                                 MOVWF   PORTD, A
0000B0 EC2F F000      00102                                 CALL    DATA1
                      00103 
0000B4 0E4E           00104                                 MOVLW   D'78'                           ; DISPLAY N
0000B6 6E83           00105                                 MOVWF   PORTD, A
0000B8 EC2F F000      00106                                 CALL    DATA1
                      00107 
0000BC 0E41           00108                                 MOVLW   D'65'                           ; DISPLAY A
0000BE 6E83           00109                                 MOVWF   PORTD, A
0000C0 EC2F F000      00110                                 CALL    DATA1
                      00111 
0000C4 0E42           00112                                 MOVLW   D'66'                           ; DISPLAY B
MPASM  5.51                   MINIPROJECT.ASM   11-22-2020  16:47:23         PAGE  4


LOC  OBJECT CODE     LINE SOURCE TEXT
  VALUE

0000C6 6E83           00113                                 MOVWF   PORTD, A
0000C8 EC2F F000      00114                                 CALL    DATA1
                      00115 
0000CC 0E49           00116                                 MOVLW   D'73'                           ; DISPLAY I
0000CE 6E83           00117                                 MOVWF   PORTD, A
0000D0 EC2F F000      00118                                 CALL    DATA1
                      00119 
0000D4 0E4C           00120                                 MOVLW   D'76'                           ; DISPLAY L
0000D6 6E83           00121                                 MOVWF   PORTD, A
0000D8 EC2F F000      00122                                 CALL    DATA1
                      00123 
0000DC 0E20           00124                                 MOVLW   D'32'                           ; DISPLAY SPACE
0000DE 6E83           00125                                 MOVWF   PORTD, A
0000E0 EC2F F000      00126                                 CALL    DATA1
                      00127 
0000E4 0E01           00128                                 MOVLW   0X01
0000E6 6E83           00129                                 MOVWF   PORTD, A
0000E8 EC28 F000      00130                                 CALL    COMMAND1
                      00131 
0000EC D0A9           00132                                 BRA             checki
                      00133 
                      00134 ;===================================================================
                      00135 ;DISPLAY ID
                      00136 ;===================================================================
0000EE 0E44           00137 nabilicious1    MOVLW   D'68'                           ; DISPLAY D
0000F0 6E83           00138                                 MOVWF   PORTD, A
0000F2 EC2F F000      00139                                 CALL    DATA1
                      00140 
0000F6 0E45           00141                                 MOVLW   D'69'                           ; DISPLAY E
0000F8 6E83           00142                                 MOVWF   PORTD, A
0000FA EC2F F000      00143                                 CALL    DATA1
                      00144 
0000FE 0E39           00145                                 MOVLW   D'57'                           ; DISPLAY 9
000100 6E83           00146                                 MOVWF   PORTD, A
000102 EC2F F000      00147                                 CALL    DATA1
                      00148 
000106 0E36           00149                                 MOVLW   D'54'                           ; DISPLAY 6
000108 6E83           00150                                 MOVWF   PORTD, A
00010A EC2F F000      00151                                 CALL    DATA1
                      00152 
00010E 0E35           00153                                 MOVLW   D'53'                           ; DISPLAY 5
000110 6E83           00154                                 MOVWF   PORTD, A
000112 EC2F F000      00155                                 CALL    DATA1
                      00156 
000116 0E35           00157                                 MOVLW   D'53'                           ; DISPLAY 5
000118 6E83           00158                                 MOVWF   PORTD, A
00011A EC2F F000      00159                                 CALL    DATA1
                      00160 
00011E 0E38           00161                                 MOVLW   D'56'                           ; DISPLAY 8
000120 6E83           00162                                 MOVWF   PORTD, A
000122 EC2F F000      00163                                 CALL    DATA1
                      00164 
000126 0E20           00165                                 MOVLW   D'32'                           ; DISPLAY SPACE
MPASM  5.51                   MINIPROJECT.ASM   11-22-2020  16:47:23         PAGE  5


LOC  OBJECT CODE     LINE SOURCE TEXT
  VALUE

000128 6E83           00166                                 MOVWF   PORTD, A
00012A EC2F F000      00167                                 CALL    DATA1
                      00168 
00012E 0E01           00169                                 MOVLW   0X01
000130 6E83           00170                                 MOVWF   PORTD, A
000132 EC28 F000      00171                                 CALL    COMMAND1
                      00172 
000136 D087           00173                                 BRA             checko
                      00174 
                      00175 ;=====================================================================
                      00176 ;KEYPAD BUTTON
                      00177 ;=====================================================================
                      00178 
000138 0EC0           00179 SHOW1                   MOVLW   0XC0                            ; DISPLAY 1
00013A 6E83           00180                                 MOVWF   PORTD, A
00013C EC28 F000      00181                                 CALL    COMMAND1
000140 0E31           00182                                 MOVLW   D'49'
000142 6E83           00183                                 MOVWF   PORTD, A
000144 EC2F F000      00184                                 CALL    DATA1
000148 D07B           00185                                 BRA             checki
                      00186 
00014A 0EC0           00187 SHOW2                   MOVLW   0XC0                            ; DISPLAY 2
00014C 6E83           00188                                 MOVWF   PORTD, A
00014E EC28 F000      00189                                 CALL    COMMAND1
000152 0E32           00190                                 MOVLW   D'50'
000154 6E83           00191                                 MOVWF   PORTD, A
000156 EC2F F000      00192                                 CALL    DATA1
00015A D072           00193                                 BRA             checki
                      00194                                 
00015C 0EC0           00195 SHOW3                   MOVLW   0XC0                            ; DISPLAY 3
00015E 6E83           00196                                 MOVWF   PORTD, A
000160 EC28 F000      00197                                 CALL    COMMAND1
000164 0E33           00198                                 MOVLW   D'51'
000166 6E83           00199                                 MOVWF   PORTD, A
000168 EC2F F000      00200                                 CALL    DATA1
00016C D069           00201                                 BRA             checki
                      00202 
00016E 0EC0           00203 SHOW4                   MOVLW   0XC0                            ; DISPLAY 4
000170 6E83           00204                                 MOVWF   PORTD, A
000172 EC28 F000      00205                                 CALL    COMMAND1
000176 0E34           00206                                 MOVLW   D'52'
000178 6E83           00207                                 MOVWF   PORTD, A
00017A EC2F F000      00208                                 CALL    DATA1
00017E D060           00209                                 BRA             checki
                      00210 
000180 0EC0           00211 SHOW5                   MOVLW   0XC0                            ; DISPLAY 5
000182 6E83           00212                                 MOVWF   PORTD, A
000184 EC28 F000      00213                                 CALL    COMMAND1
000188 0E35           00214                                 MOVLW   D'53'
00018A 6E83           00215                                 MOVWF   PORTD, A
00018C EC2F F000      00216                                 CALL    DATA1
000190 D057           00217                                 BRA             checki
                      00218                                 
MPASM  5.51                   MINIPROJECT.ASM   11-22-2020  16:47:23         PAGE  6


LOC  OBJECT CODE     LINE SOURCE TEXT
  VALUE

000192 0EC0           00219 SHOW6                   MOVLW   0XC0                            ; DISPLAY 6
000194 6E83           00220                                 MOVWF   PORTD, A
000196 EC28 F000      00221                                 CALL    COMMAND1
00019A 0E36           00222                                 MOVLW   D'54'
00019C 6E83           00223                                 MOVWF   PORTD, A
00019E EC2F F000      00224                                 CALL    DATA1
0001A2 D04E           00225                                 BRA             checki
                      00226 
0001A4 0EC0           00227 SHOW7                   MOVLW   0XC0                            ; DISPLAY 7
0001A6 6E83           00228                                 MOVWF   PORTD, A
0001A8 EC28 F000      00229                                 CALL    COMMAND1
0001AC 0E37           00230                                 MOVLW   D'55'
0001AE 6E83           00231                                 MOVWF   PORTD, A
0001B0 EC2F F000      00232                                 CALL    DATA1
0001B4 D045           00233                                 BRA             checki
                      00234 
0001B6 0EC0           00235 SHOW8                   MOVLW   0XC0                            ; DISPLAY 8
0001B8 6E83           00236                                 MOVWF   PORTD, A
0001BA EC28 F000      00237                                 CALL    COMMAND1
0001BE 0E38           00238                                 MOVLW   D'56'
0001C0 6E83           00239                                 MOVWF   PORTD, A
0001C2 EC2F F000      00240                                 CALL    DATA1
0001C6 D03C           00241                                 BRA             checki
                      00242                                 
0001C8 0EC0           00243 SHOW9                   MOVLW   0XC0                            ; DISPLAY 9
0001CA 6E83           00244                                 MOVWF   PORTD, A
0001CC EC28 F000      00245                                 CALL    COMMAND1
0001D0 0E39           00246                                 MOVLW   D'57'
0001D2 6E83           00247                                 MOVWF   PORTD, A
0001D4 EC2F F000      00248                                 CALL    DATA1
0001D8 D033           00249                                 BRA             checki
                      00250 
0001DA 0EC0           00251 SHOWN                   MOVLW   0XC0                            ; DISPLAY *
0001DC 6E83           00252                                 MOVWF   PORTD, A
0001DE EC28 F000      00253                                 CALL    COMMAND1
0001E2 0E2A           00254                                 MOVLW   D'42'
0001E4 6E83           00255                                 MOVWF   PORTD, A
0001E6 EC2F F000      00256                                 CALL    DATA1
0001EA D02A           00257                                 BRA             checki
                      00258 
0001EC 0EC0           00259 SHOW0                   MOVLW   0XC0                            ; DISPLAY 0
0001EE 6E83           00260                                 MOVWF   PORTD, A
0001F0 EC28 F000      00261                                 CALL    COMMAND1
0001F4 0E30           00262                                 MOVLW   D'48'
0001F6 6E83           00263                                 MOVWF   PORTD, A
0001F8 EC2F F000      00264                                 CALL    DATA1
0001FC D021           00265                                 BRA             checki
                      00266                                 
0001FE 0EC0           00267 SHOW#                   MOVLW   0XC0                            ; DISPLAY #
000200 6E83           00268                                 MOVWF   PORTD, A
000202 EC28 F000      00269                                 CALL    COMMAND1
000206 0E23           00270                                 MOVLW   D'35'
000208 6E83           00271                                 MOVWF   PORTD, A
MPASM  5.51                   MINIPROJECT.ASM   11-22-2020  16:47:23         PAGE  7


LOC  OBJECT CODE     LINE SOURCE TEXT
  VALUE

00020A EC2F F000      00272                                 CALL    DATA1
00020E D018           00273                                 BRA             checki
                      00274 
                      00275                                 
                      00276 
                      00277 ;=====================================================================
                      00278 ;MAIN PROGRAM
                      00279 ;=====================================================================
                      00280                         
000210 6A94           00281 start           CLRF    TRISC, A                                ; CONFIGURE INPUT AND OUTPUT
000212 6A95           00282                         CLRF    TRISD, A
000214 6893           00283                         SETF    TRISB, A
000216 9893           00284                         BCF             TRISB, 4, A     
000218 9A93           00285                         BCF             TRISB, 5, A     
00021A 9C93           00286                         BCF             TRISB, 6, A     
00021C 9E93           00287                         BCF             TRISB, 7, A     
00021E 6892           00288                         SETF    TRISA, A
                      00289                         
                      00290 
000220 0E38           00291                         MOVLW   0X38                                    ; CONFIGURE 2 LINES AND 5X7 MATR
                            IX
000222 6E83           00292                         MOVWF   PORTD, A
000224 EC28 F000      00293                         CALL    COMMAND1
                      00294                         
000228 0E0E           00295                         MOVLW   0X0E                                    ; DISPLAY ON, CURSOR BLINKING
00022A 6E83           00296                         MOVWF   PORTD, A
00022C EC28 F000      00297                         CALL    COMMAND1
                      00298 
000230 0E01           00299                         MOVLW   0X01                                    ; CLEAR DISPLAY SCREEN
000232 6E83           00300                         MOVWF   PORTD, A
000234 EC28 F000      00301                         CALL    COMMAND1
                      00302 
000238 0E80           00303                         MOVLW   0X80                                    ; FORCE CURSOR TO BEGINNING TO F
                            IRST LINE
00023A 6E83           00304                         MOVWF   PORTD, A
00023C EC28 F000      00305                         CALL    COMMAND1
                      00306 
                      00307 
000240 B081           00308 checki          BTFSC   PORTB, 0, A
000242 D714           00309                         BRA             nabilicious
000244 6A83           00310                         CLRF    PORTD, A
000246 B281           00311 checko          BTFSC   PORTB, 1, A
000248 D752           00312                         BRA             nabilicious1
00024A 6A83           00313                         CLRF    PORTD, A
                      00314 
00024C 6A81           00315 KEYPAD1         CLRF    PORTB, A
00024E 8881           00316                         BSF             PORTB, 4, A
000250 B880           00317                         BTFSC   PORTA, 4, A     
000252 D772           00318                         BRA             SHOW1
000254 6A83           00319                         CLRF    PORTD, A
                      00320 
000256 6A81           00321 KEYPAD2         CLRF    PORTB, A
000258 8881           00322                         BSF             PORTB, 4, A
MPASM  5.51                   MINIPROJECT.ASM   11-22-2020  16:47:23         PAGE  8


LOC  OBJECT CODE     LINE SOURCE TEXT
  VALUE

00025A B481           00323                         BTFSC   PORTB, 2, A     
00025C D776           00324                         BRA             SHOW2
00025E 6A83           00325                         CLRF    PORTD, A
                      00326 
000260 6A81           00327 KEYPAD3         CLRF    PORTB, A
000262 8881           00328                         BSF             PORTB, 4, A
000264 B681           00329                         BTFSC   PORTB, 3, A     
000266 D77A           00330                         BRA             SHOW3
000268 6A83           00331                         CLRF    PORTD, A
                      00332 
00026A 6A81           00333 KEYPAD4         CLRF    PORTB, A
00026C 8A81           00334                         BSF             PORTB, 5, A
00026E B880           00335                         BTFSC   PORTA, 4, A     
000270 D77E           00336                         BRA             SHOW4
000272 6A83           00337                         CLRF    PORTD, A
                      00338 
000274 6A81           00339 KEYPAD5         CLRF    PORTB, A
000276 8A81           00340                         BSF             PORTB, 5, A
000278 B481           00341                         BTFSC   PORTB, 2, A     
00027A D782           00342                         BRA             SHOW5
00027C 6A83           00343                         CLRF    PORTD, A
                      00344 
00027E 6A81           00345 KEYPAD6         CLRF    PORTB, A
000280 8A81           00346                         BSF             PORTB, 5, A
000282 B681           00347                         BTFSC   PORTB, 3, A     
000284 D786           00348                         BRA             SHOW6
000286 6A83           00349                         CLRF    PORTD, A
                      00350 
000288 6A81           00351 KEYPAD7         CLRF    PORTB, A
00028A 8C81           00352                         BSF             PORTB, 6, A
00028C B880           00353                         BTFSC   PORTA, 4, A     
00028E D78A           00354                         BRA             SHOW7
000290 6A83           00355                         CLRF    PORTD, A
                      00356 
000292 6A81           00357 KEYPAD8         CLRF    PORTB, A
000294 8C81           00358                         BSF             PORTB, 6, A
000296 B481           00359                         BTFSC   PORTB, 2, A     
000298 D78E           00360                         BRA             SHOW8
00029A 6A83           00361                         CLRF    PORTD, A
                      00362 
00029C 6A81           00363 KEYPAD9         CLRF    PORTB, A
00029E 8C81           00364                         BSF             PORTB, 6, A
0002A0 B681           00365                         BTFSC   PORTB, 3, A     
0002A2 D792           00366                         BRA             SHOW9
0002A4 6A83           00367                         CLRF    PORTD, A
                      00368 
0002A6 6A81           00369 KEYPADN         CLRF    PORTB, A
0002A8 8E81           00370                         BSF             PORTB, 7, A
0002AA B880           00371                         BTFSC   PORTA, 4, A     
0002AC D796           00372                         BRA             SHOWN
0002AE 6A83           00373                         CLRF    PORTD, A
                      00374 
0002B0 6A81           00375 KEYPAD0         CLRF    PORTB, A
MPASM  5.51                   MINIPROJECT.ASM   11-22-2020  16:47:23         PAGE  9


LOC  OBJECT CODE     LINE SOURCE TEXT
  VALUE

0002B2 8E81           00376                         BSF             PORTB, 7, A
0002B4 B481           00377                         BTFSC   PORTB, 2, A     
0002B6 D79A           00378                         BRA             SHOW0
0002B8 6A83           00379                         CLRF    PORTD, A
                      00380 
0002BA 6A81           00381 KEYPAD#         CLRF    PORTB, A
0002BC 8E81           00382                         BSF             PORTB, 7, A
0002BE B681           00383                         BTFSC   PORTB, 3, A     
0002C0 D79E           00384                         BRA             SHOW#
0002C2 6A83           00385                         CLRF    PORTD, A
                      00386 
                      00387         
                      00388         
0002C4 0000           00389                         NOP
                      00390                         END
MPASM  5.51                   MINIPROJECT.ASM   11-22-2020  16:47:23         PAGE 10


SYMBOL TABLE
  LABEL                             VALUE 

A                                 00000000
ABDEN                             00000000
ABDOVF                            00000007
ACCESS                            00000000
ACKDT                             00000005
ACKEN                             00000004
ACKSTAT                           00000006
ACQT0                             00000003
ACQT1                             00000004
ACQT2                             00000005
ACTVIE                            00000002
ACTVIF                            00000002
ADCON0                            00000FC2
ADCON1                            00000FC1
ADCON2                            00000FC0
ADCS0                             00000000
ADCS1                             00000001
ADCS2                             00000002
ADDEN                             00000003
ADDR0                             00000000
ADDR1                             00000001
ADDR2                             00000002
ADDR3                             00000003
ADDR4                             00000004
ADDR5                             00000005
ADDR6                             00000006
ADEN                              00000003
ADFM                              00000007
ADIE                              00000006
ADIF                              00000006
ADIP                              00000006
ADON                              00000000
ADRES                             00000FC3
ADRESH                            00000FC4
ADRESL                            00000FC3
AGAIN1                            0000001E
AGAIN2                            00000022
AN0                               00000000
AN1                               00000001
AN2                               00000002
AN3                               00000003
AN4                               00000005
BANKED                            00000001
BAUDCON                           00000FB8
BAUDCTL                           00000FB8
BCLIE                             00000003
BCLIF                             00000003
BCLIP                             00000003
BF                                00000000
BGST                              00000005
BOR                               00000000
BRG16                             00000003
BRGH                              00000002
MPASM  5.51                   MINIPROJECT.ASM   11-22-2020  16:47:23         PAGE 11


SYMBOL TABLE
  LABEL                             VALUE 

BSR                               00000FE0
BTOEE                             00000004
BTOEF                             00000004
BTSEE                             00000007
BTSEF                             00000007
C                                 00000000
C1INV                             00000004
C1OUT                             00000006
C2INV                             00000005
C2OUT                             00000007
CCP1                              00000002
CCP1AS                            00000FB6
CCP1CON                           00000FBD
CCP1DEL                           00000FB7
CCP1IE                            00000002
CCP1IF                            00000002
CCP1IP                            00000002
CCP1M0                            00000000
CCP1M1                            00000001
CCP1M2                            00000002
CCP1M3                            00000003
CCP2CON                           00000FBA
CCP2IE                            00000000
CCP2IF                            00000000
CCP2IP                            00000000
CCP2M0                            00000000
CCP2M1                            00000001
CCP2M2                            00000002
CCP2M3                            00000003
CCPR1                             00000FBE
CCPR1H                            00000FBF
CCPR1L                            00000FBE
CCPR2                             00000FBB
CCPR2H                            00000FBC
CCPR2L                            00000FBB
CFGS                              00000006
CHS0                              00000002
CHS1                              00000003
CHS2                              00000004
CHS3                              00000005
CIS                               00000003
CK                                00000006
CK1SPP                            00000000
CK2SPP                            00000001
CKE                               00000006
CKP                               00000004
CLK1EN                            00000004
CLKCFG0                           00000006
CLKCFG1                           00000007
CM0                               00000000
CM1                               00000001
CM2                               00000002
CMCON                             00000FB4
MPASM  5.51                   MINIPROJECT.ASM   11-22-2020  16:47:23         PAGE 12


SYMBOL TABLE
  LABEL                             VALUE 

CMIE                              00000006
CMIF                              00000006
CMIP                              00000006
COMMAND1                          00000050
CRC16EE                           00000002
CRC16EF                           00000002
CRC5EE                            00000001
CRC5EF                            00000001
CREN                              00000004
CSEN                              00000005
CSRC                              00000007
CVR0                              00000000
CVR1                              00000001
CVR2                              00000002
CVR3                              00000003
CVRCON                            00000FB5
CVREF                             00000004
CVREN                             00000007
CVROE                             00000006
CVRR                              00000005
CVRSS                             00000004
D                                 00000005
D10MS                             0000001A
DATA1                             0000005E
DATA_ADDRESS                      00000005
DC                                00000001
DC1B0                             00000004
DC1B1                             00000005
DC2B0                             00000004
DC2B1                             00000005
DDRA                              TRISA
DDRB                              TRISB
DDRC                              TRISC
DDRD                              TRISD
DDRE                              TRISE
DFN8EE                            00000003
DFN8EF                            00000003
DIR                               00000002
DONE                              00000001
D_A                               00000005
D_NOT_A                           00000005
ECCP1AS                           00000FB6
ECCP1CON                          00000FBD
ECCP1DEL                          00000FB7
ECCPAS0                           00000004
ECCPAS1                           00000005
ECCPAS2                           00000006
ECCPASE                           00000007
EEADR                             00000FA9
EECON1                            00000FA6
EECON2                            00000FA7
EEDATA                            00000FA8
EEIE                              00000004
MPASM  5.51                   MINIPROJECT.ASM   11-22-2020  16:47:23         PAGE 13


SYMBOL TABLE
  LABEL                             VALUE 

EEIF                              00000004
EEIP                              00000004
EEPGD                             00000007
ENDP0                             00000003
ENDP1                             00000004
ENDP2                             00000005
ENDP3                             00000006
EPCONDIS                          00000003
EPHSHK                            00000004
EPINEN                            00000001
EPOUTEN                           00000002
EPSTALL                           00000000
FAST                              00000001
FERR                              00000002
FLTS                              00000002
FREE                              00000004
FRM0                              00000000
FRM1                              00000001
FRM10                             00000002
FRM2                              00000002
FRM3                              00000003
FRM4                              00000004
FRM5                              00000005
FRM6                              00000006
FRM7                              00000007
FRM8                              00000000
FRM9                              00000001
FSEN                              00000002
FSR0                              00000000
FSR0H                             00000FEA
FSR0L                             00000FE9
FSR1                              00000001
FSR1H                             00000FE2
FSR1L                             00000FE1
FSR2                              00000002
FSR2H                             00000FDA
FSR2L                             00000FD9
GCEN                              00000007
GIE                               00000007
GIEH                              00000007
GIEL                              00000006
GIE_GIEH                          00000007
GO                                00000001
GO_DONE                           00000001
GO_NOT_DONE                       00000001
HLVDCON                           00000FD2
HLVDEN                            00000004
HLVDIE                            00000002
HLVDIF                            00000002
HLVDIN                            00000005
HLVDIP                            00000002
HLVDL0                            00000000
HLVDL1                            00000001
MPASM  5.51                   MINIPROJECT.ASM   11-22-2020  16:47:23         PAGE 14


SYMBOL TABLE
  LABEL                             VALUE 

HLVDL2                            00000002
HLVDL3                            00000003
I2C_DAT                           00000005
I2C_READ                          00000002
I2C_START                         00000003
I2C_STOP                          00000004
IDLEIE                            00000004
IDLEIF                            00000004
IDLEN                             00000007
INDF0                             00000FEF
INDF1                             00000FE7
INDF2                             00000FDF
INT0                              00000000
INT0E                             00000004
INT0F                             00000001
INT0IE                            00000004
INT0IF                            00000001
INT1                              00000001
INT1E                             00000003
INT1F                             00000000
INT1IE                            00000003
INT1IF                            00000000
INT1IP                            00000006
INT1P                             00000006
INT2                              00000002
INT2E                             00000004
INT2F                             00000001
INT2IE                            00000004
INT2IF                            00000001
INT2IP                            00000007
INT2P                             00000007
INTCON                            00000FF2
INTCON2                           00000FF1
INTCON3                           00000FF0
INTEDG0                           00000006
INTEDG1                           00000005
INTEDG2                           00000004
INTSRC                            00000007
IOFS                              00000002
IPEN                              00000007
IPR1                              00000F9F
IPR2                              00000FA2
IRCF0                             00000004
IRCF1                             00000005
IRCF2                             00000006
IRVST                             00000005
IVRST                             00000005
KEYPAD#                           000002BA
KEYPAD0                           000002B0
KEYPAD1                           0000024C
KEYPAD2                           00000256
KEYPAD3                           00000260
KEYPAD4                           0000026A
MPASM  5.51                   MINIPROJECT.ASM   11-22-2020  16:47:23         PAGE 15


SYMBOL TABLE
  LABEL                             VALUE 

KEYPAD5                           00000274
KEYPAD6                           0000027E
KEYPAD7                           00000288
KEYPAD8                           00000292
KEYPAD9                           0000029C
KEYPADN                           000002A6
LATA                              00000F89
LATA0                             00000000
LATA1                             00000001
LATA2                             00000002
LATA3                             00000003
LATA4                             00000004
LATA5                             00000005
LATA6                             00000006
LATB                              00000F8A
LATB0                             00000000
LATB1                             00000001
LATB2                             00000002
LATB3                             00000003
LATB4                             00000004
LATB5                             00000005
LATB6                             00000006
LATB7                             00000007
LATC                              00000F8B
LATC0                             00000000
LATC1                             00000001
LATC2                             00000002
LATC6                             00000006
LATC7                             00000007
LATD                              00000F8C
LATD0                             00000000
LATD1                             00000001
LATD2                             00000002
LATD3                             00000003
LATD4                             00000004
LATD5                             00000005
LATD6                             00000006
LATD7                             00000007
LATE                              00000F8D
LATE0                             00000000
LATE1                             00000001
LATE2                             00000002
LVDCON                            00000FD2
LVDEN                             00000004
LVDIE                             00000002
LVDIF                             00000002
LVDIN                             00000005
LVDIP                             00000002
LVDL0                             00000000
LVDL1                             00000001
LVDL2                             00000002
LVDL3                             00000003
LVV0                              00000000
MPASM  5.51                   MINIPROJECT.ASM   11-22-2020  16:47:23         PAGE 16


SYMBOL TABLE
  LABEL                             VALUE 

LVV1                              00000001
LVV2                              00000002
LVV3                              00000003
N                                 00000004
NOT_A                             00000005
NOT_ADDRESS                       00000005
NOT_BOR                           00000000
NOT_DONE                          00000001
NOT_IPEN                          00000007
NOT_PD                            00000002
NOT_POR                           00000001
NOT_RBPU                          00000007
NOT_RI                            00000004
NOT_T1SYNC                        00000002
NOT_T3SYNC                        00000002
NOT_TO                            00000003
NOT_W                             00000002
NOT_WRITE                         00000002
OERR                              00000001
OESPP                             00000002
OSC2                              00000006
OSCCON                            00000FD3
OSCFIE                            00000007
OSCFIF                            00000007
OSCFIP                            00000007
OSCTUNE                           00000F9B
OSTS                              00000003
OV                                00000003
P                                 00000004
P1A                               00000002
P1M0                              00000006
P1M1                              00000007
PC                                00000FF9
PCFG0                             00000000
PCFG1                             00000001
PCFG2                             00000002
PCFG3                             00000003
PCL                               00000FF9
PCLATH                            00000FFA
PCLATU                            00000FFB
PD                                00000002
PDC0                              00000000
PDC1                              00000001
PDC2                              00000002
PDC3                              00000003
PDC4                              00000004
PDC5                              00000005
PDC6                              00000006
PEIE                              00000006
PEIE_GIEL                         00000006
PEN                               00000002
PGC                               00000006
PGD                               00000007
MPASM  5.51                   MINIPROJECT.ASM   11-22-2020  16:47:23         PAGE 17


SYMBOL TABLE
  LABEL                             VALUE 

PGM                               00000005
PIDEE                             00000000
PIDEF                             00000000
PIE1                              00000F9D
PIE2                              00000FA0
PIR1                              00000F9E
PIR2                              00000FA1
PKTDIS                            00000004
PLUSW0                            00000FEB
PLUSW1                            00000FE3
PLUSW2                            00000FDB
POR                               00000001
PORTA                             00000F80
PORTB                             00000F81
PORTC                             00000F82
PORTD                             00000F83
PORTE                             00000F84
POSTDEC0                          00000FED
POSTDEC1                          00000FE5
POSTDEC2                          00000FDD
POSTINC0                          00000FEE
POSTINC1                          00000FE6
POSTINC2                          00000FDE
PPB0                              00000000
PPB1                              00000001
PPBI                              00000001
PPBRST                            00000006
PR2                               00000FCB
PREINC0                           00000FEC
PREINC1                           00000FE4
PREINC2                           00000FDC
PROD                              00000FF3
PRODH                             00000FF4
PRODL                             00000FF3
PRSEN                             00000007
PSA                               00000003
PSSAC0                            00000002
PSSAC1                            00000003
PSSBD0                            00000000
PSSBD1                            00000001
R                                 00000002
RA0                               00000000
RA1                               00000001
RA2                               00000002
RA3                               00000003
RA4                               00000004
RA5                               00000005
RA6                               00000006
RB0                               00000000
RB1                               00000001
RB2                               00000002
RB3                               00000003
RB4                               00000004
MPASM  5.51                   MINIPROJECT.ASM   11-22-2020  16:47:23         PAGE 18


SYMBOL TABLE
  LABEL                             VALUE 

RB5                               00000005
RB6                               00000006
RB7                               00000007
RBIE                              00000003
RBIF                              00000000
RBIP                              00000000
RBPU                              00000007
RC0                               00000000
RC1                               00000001
RC2                               00000002
RC4                               00000004
RC5                               00000005
RC6                               00000006
RC7                               00000007
RCEN                              00000003
RCIDL                             00000006
RCIE                              00000005
RCIF                              00000005
RCIP                              00000005
RCMT                              00000006
RCON                              00000FD0
RCREG                             00000FAE
RCSTA                             00000FAB
RD                                00000000
RD0                               00000000
RD1                               00000001
RD16                              00000007
RD2                               00000002
RD3                               00000003
RD4                               00000004
RD5                               00000005
RD6                               00000006
RD7                               00000007
RDPU                              00000007
RDSPP                             00000007
RE0                               00000000
RE1                               00000001
RE2                               00000002
RE3                               00000003
READ_WRITE                        00000002
RESUME                            00000002
RI                                00000004
RSEN                              00000001
RX                                00000007
RX9                               00000006
RX9D                              00000000
RXDTP                             00000005
R_NOT_W                           00000002
R_W                               00000002
S                                 00000003
SBOREN                            00000006
SCKP                              00000004
SCS0                              00000000
MPASM  5.51                   MINIPROJECT.ASM   11-22-2020  16:47:23         PAGE 19


SYMBOL TABLE
  LABEL                             VALUE 

SCS1                              00000001
SE0                               00000005
SEN                               00000000
SENDB                             00000003
SHOW#                             000001FE
SHOW0                             000001EC
SHOW1                             00000138
SHOW2                             0000014A
SHOW3                             0000015C
SHOW4                             0000016E
SHOW5                             00000180
SHOW6                             00000192
SHOW7                             000001A4
SHOW8                             000001B6
SHOW9                             000001C8
SHOWN                             000001DA
SMP                               00000007
SOFIE                             00000006
SOFIF                             00000006
SPBRG                             00000FAF
SPBRGH                            00000FB0
SPEN                              00000007
SPP0                              00000000
SPP1                              00000001
SPP2                              00000002
SPP3                              00000003
SPP4                              00000004
SPP5                              00000005
SPP6                              00000006
SPP7                              00000007
SPPBUSY                           00000004
SPPCFG                            00000F63
SPPCON                            00000F65
SPPDATA                           00000F62
SPPEN                             00000000
SPPEPS                            00000F64
SPPIE                             00000007
SPPIF                             00000007
SPPIP                             00000007
SPPOWN                            00000001
SREN                              00000005
SSPADD                            00000FC8
SSPBUF                            00000FC9
SSPCON1                           00000FC6
SSPCON2                           00000FC5
SSPEN                             00000005
SSPIE                             00000003
SSPIF                             00000003
SSPIP                             00000003
SSPM0                             00000000
SSPM1                             00000001
SSPM2                             00000002
SSPM3                             00000003
MPASM  5.51                   MINIPROJECT.ASM   11-22-2020  16:47:23         PAGE 20


SYMBOL TABLE
  LABEL                             VALUE 

SSPOV                             00000006
SSPSTAT                           00000FC7
STALLIE                           00000005
STALLIF                           00000005
STATUS                            00000FD8
STKFUL                            00000007
STKOVF                            00000007
STKPTR                            00000FFC
STKPTR0                           00000000
STKPTR1                           00000001
STKPTR2                           00000002
STKPTR3                           00000003
STKPTR4                           00000004
STKUNF                            00000006
SUSPND                            00000001
SWDTE                             00000000
SWDTEN                            00000000
SYNC                              00000004
T08BIT                            00000006
T0CKI                             00000004
T0CON                             00000FD5
T0CS                              00000005
T0IE                              00000005
T0IF                              00000002
T0IP                              00000002
T0PS0                             00000000
T0PS1                             00000001
T0PS2                             00000002
T0SE                              00000004
T13CKI                            00000000
T1CKPS0                           00000004
T1CKPS1                           00000005
T1CON                             00000FCD
T1OSCEN                           00000003
T1OSI                             00000001
T1OSO                             00000000
T1RUN                             00000006
T1SYNC                            00000002
T2CKPS0                           00000000
T2CKPS1                           00000001
T2CON                             00000FCA
T2OUTPS0                          00000003
T2OUTPS1                          00000004
T2OUTPS2                          00000005
T2OUTPS3                          00000006
T3CCP1                            00000003
T3CCP2                            00000006
T3CKPS0                           00000004
T3CKPS1                           00000005
T3CON                             00000FB1
T3NSYNC                           00000002
T3SYNC                            00000002
TABLAT                            00000FF5
MPASM  5.51                   MINIPROJECT.ASM   11-22-2020  16:47:23         PAGE 21


SYMBOL TABLE
  LABEL                             VALUE 

TBLPTR                            00000FF6
TBLPTRH                           00000FF7
TBLPTRL                           00000FF6
TBLPTRU                           00000FF8
TMR0                              00000FD6
TMR0H                             00000FD7
TMR0IE                            00000005
TMR0IF                            00000002
TMR0IP                            00000002
TMR0L                             00000FD6
TMR0ON                            00000007
TMR1                              00000FCE
TMR1CS                            00000001
TMR1H                             00000FCF
TMR1IE                            00000000
TMR1IF                            00000000
TMR1IP                            00000000
TMR1L                             00000FCE
TMR1ON                            00000000
TMR2                              00000FCC
TMR2IE                            00000001
TMR2IF                            00000001
TMR2IP                            00000001
TMR2ON                            00000002
TMR3                              00000FB2
TMR3CS                            00000001
TMR3H                             00000FB3
TMR3IE                            00000001
TMR3IF                            00000001
TMR3IP                            00000001
TMR3L                             00000FB2
TMR3ON                            00000000
TO                                00000003
TOS                               00000FFD
TOSH                              00000FFE
TOSL                              00000FFD
TOSU                              00000FFF
TOUTPS0                           00000003
TOUTPS1                           00000004
TOUTPS2                           00000005
TOUTPS3                           00000006
TRISA                             00000F92
TRISA0                            00000000
TRISA1                            00000001
TRISA2                            00000002
TRISA3                            00000003
TRISA4                            00000004
TRISA5                            00000005
TRISA6                            00000006
TRISB                             00000F93
TRISB0                            00000000
TRISB1                            00000001
TRISB2                            00000002
MPASM  5.51                   MINIPROJECT.ASM   11-22-2020  16:47:23         PAGE 22


SYMBOL TABLE
  LABEL                             VALUE 

TRISB3                            00000003
TRISB4                            00000004
TRISB5                            00000005
TRISB6                            00000006
TRISB7                            00000007
TRISC                             00000F94
TRISC0                            00000000
TRISC1                            00000001
TRISC2                            00000002
TRISC6                            00000006
TRISC7                            00000007
TRISD                             00000F95
TRISD0                            00000000
TRISD1                            00000001
TRISD2                            00000002
TRISD3                            00000003
TRISD4                            00000004
TRISD5                            00000005
TRISD6                            00000006
TRISD7                            00000007
TRISE                             00000F96
TRISE0                            00000000
TRISE1                            00000001
TRISE2                            00000002
TRMT                              00000001
TRNIE                             00000003
TRNIF                             00000003
TUN0                              00000000
TUN1                              00000001
TUN2                              00000002
TUN3                              00000003
TUN4                              00000004
TX                                00000006
TX9                               00000006
TX9D                              00000000
TXCKP                             00000004
TXEN                              00000005
TXIE                              00000004
TXIF                              00000004
TXIP                              00000004
TXREG                             00000FAD
TXSTA                             00000FAC
UA                                00000001
UADDR                             00000F6E
UCFG                              00000F6F
UCON                              00000F6D
UEIE                              00000F6B
UEIR                              00000F6A
UEP0                              00000F70
UEP1                              00000F71
UEP10                             00000F7A
UEP11                             00000F7B
UEP12                             00000F7C
MPASM  5.51                   MINIPROJECT.ASM   11-22-2020  16:47:23         PAGE 23


SYMBOL TABLE
  LABEL                             VALUE 

UEP13                             00000F7D
UEP14                             00000F7E
UEP15                             00000F7F
UEP2                              00000F72
UEP3                              00000F73
UEP4                              00000F74
UEP5                              00000F75
UEP6                              00000F76
UEP7                              00000F77
UEP8                              00000F78
UEP9                              00000F79
UERRIE                            00000001
UERRIF                            00000001
UFRM                              00000F66
UFRMH                             00000F67
UFRML                             00000F66
UIE                               00000F69
UIR                               00000F68
UOEMON                            00000006
UPUEN                             00000004
URSTIE                            00000000
URSTIF                            00000000
USBEN                             00000003
USBIE                             00000005
USBIF                             00000005
USBIP                             00000005
USTAT                             00000F6C
UTEYE                             00000007
UTRDIS                            00000003
VCFG0                             00000004
VCFG1                             00000005
VDIRMAG                           00000007
VREFM                             00000002
VREFP                             00000003
W                                 00000000
WCOL                              00000007
WDTCON                            00000FD1
WR                                00000001
WREG                              00000FE8
WREN                              00000002
WRERR                             00000003
WRSPP                             00000006
WS0                               00000000
WS1                               00000001
WS2                               00000002
WS3                               00000003
WUE                               00000001
Z                                 00000002
_BORV_0_2L                        000000E7
_BORV_1_2L                        000000EF
_BORV_2_2L                        000000F7
_BORV_3_2L                        000000FF
_BOR_OFF_2L                       000000F9
MPASM  5.51                   MINIPROJECT.ASM   11-22-2020  16:47:23         PAGE 24


SYMBOL TABLE
  LABEL                             VALUE 

_BOR_ON_2L                        000000FF
_BOR_ON_ACTIVE_2L                 000000FD
_BOR_SOFT_2L                      000000FB
_CCP2MX_OFF_3H                    000000FE
_CCP2MX_ON_3H                     000000FF
_CONFIG1H                         00300001
_CONFIG1L                         00300000
_CONFIG2H                         00300003
_CONFIG2L                         00300002
_CONFIG3H                         00300005
_CONFIG4L                         00300006
_CONFIG5H                         00300009
_CONFIG5L                         00300008
_CONFIG6H                         0030000B
_CONFIG6L                         0030000A
_CONFIG7H                         0030000D
_CONFIG7L                         0030000C
_CP0_OFF_5L                       000000FF
_CP0_ON_5L                        000000FE
_CP1_OFF_5L                       000000FF
_CP1_ON_5L                        000000FD
_CP2_OFF_5L                       000000FF
_CP2_ON_5L                        000000FB
_CP3_OFF_5L                       000000FF
_CP3_ON_5L                        000000F7
_CPB_OFF_5H                       000000FF
_CPB_ON_5H                        000000BF
_CPD_OFF_5H                       000000FF
_CPD_ON_5H                        0000007F
_CPUDIV_OSC1_PLL2_1L              000000E7
_CPUDIV_OSC2_PLL3_1L              000000EF
_CPUDIV_OSC3_PLL4_1L              000000F7
_CPUDIV_OSC4_PLL6_1L              000000FF
_DEBUG_OFF_4L                     000000FF
_DEBUG_ON_4L                      0000007F
_DEVID1                           003FFFFE
_DEVID2                           003FFFFF
_EBTR0_OFF_7L                     000000FF
_EBTR0_ON_7L                      000000FE
_EBTR1_OFF_7L                     000000FF
_EBTR1_ON_7L                      000000FD
_EBTR2_OFF_7L                     000000FF
_EBTR2_ON_7L                      000000FB
_EBTR3_OFF_7L                     000000FF
_EBTR3_ON_7L                      000000F7
_EBTRB_OFF_7H                     000000FF
_EBTRB_ON_7H                      000000BF
_FCMEN_OFF_1H                     000000BF
_FCMEN_ON_1H                      000000FF
_FOSC_ECIO_EC_1H                  000000F4
_FOSC_ECPLLIO_EC_1H               000000F6
_FOSC_ECPLL_EC_1H                 000000F7
_FOSC_EC_EC_1H                    000000F5
MPASM  5.51                   MINIPROJECT.ASM   11-22-2020  16:47:23         PAGE 25


SYMBOL TABLE
  LABEL                             VALUE 

_FOSC_HSPLL_HS_1H                 000000FE
_FOSC_HS_1H                       000000FC
_FOSC_INTOSCIO_EC_1H              000000F8
_FOSC_INTOSC_EC_1H                000000F9
_FOSC_INTOSC_HS_1H                000000FB
_FOSC_INTOSC_XT_1H                000000FA
_FOSC_XTPLL_XT_1H                 000000F2
_FOSC_XT_XT_1H                    000000F0
_ICPRT_OFF_4L                     000000DF
_ICPRT_ON_4L                      000000FF
_IDLOC0                           00200000
_IDLOC1                           00200001
_IDLOC2                           00200002
_IDLOC3                           00200003
_IDLOC4                           00200004
_IDLOC5                           00200005
_IDLOC6                           00200006
_IDLOC7                           00200007
_IESO_OFF_1H                      0000007F
_IESO_ON_1H                       000000FF
_LPT1OSC_OFF_3H                   000000FB
_LPT1OSC_ON_3H                    000000FF
_LVP_OFF_4L                       000000FB
_LVP_ON_4L                        000000FF
_MCLRE_OFF_3H                     0000007F
_MCLRE_ON_3H                      000000FF
_PBADEN_OFF_3H                    000000FD
_PBADEN_ON_3H                     000000FF
_PLLDIV_10_1L                     000000FE
_PLLDIV_12_1L                     000000FF
_PLLDIV_1_1L                      000000F8
_PLLDIV_2_1L                      000000F9
_PLLDIV_3_1L                      000000FA
_PLLDIV_4_1L                      000000FB
_PLLDIV_5_1L                      000000FC
_PLLDIV_6_1L                      000000FD
_PWRT_OFF_2L                      000000FF
_PWRT_ON_2L                       000000FE
_STVREN_OFF_4L                    000000FE
_STVREN_ON_4L                     000000FF
_USBDIV_1_1L                      000000DF
_USBDIV_2_1L                      000000FF
_VREGEN_OFF_2L                    000000DF
_VREGEN_ON_2L                     000000FF
_WDTPS_1024_2H                    000000F5
_WDTPS_128_2H                     000000EF
_WDTPS_16384_2H                   000000FD
_WDTPS_16_2H                      000000E9
_WDTPS_1_2H                       000000E1
_WDTPS_2048_2H                    000000F7
_WDTPS_256_2H                     000000F1
_WDTPS_2_2H                       000000E3
_WDTPS_32768_2H                   000000FF
MPASM  5.51                   MINIPROJECT.ASM   11-22-2020  16:47:23         PAGE 26


SYMBOL TABLE
  LABEL                             VALUE 

_WDTPS_32_2H                      000000EB
_WDTPS_4096_2H                    000000F9
_WDTPS_4_2H                       000000E5
_WDTPS_512_2H                     000000F3
_WDTPS_64_2H                      000000ED
_WDTPS_8192_2H                    000000FB
_WDTPS_8_2H                       000000E7
_WDT_OFF_2H                       000000FE
_WDT_ON_2H                        000000FF
_WRT0_OFF_6L                      000000FF
_WRT0_ON_6L                       000000FE
_WRT1_OFF_6L                      000000FF
_WRT1_ON_6L                       000000FD
_WRT2_OFF_6L                      000000FF
_WRT2_ON_6L                       000000FB
_WRT3_OFF_6L                      000000FF
_WRT3_ON_6L                       000000F7
_WRTB_OFF_6H                      000000FF
_WRTB_ON_6H                       000000BF
_WRTC_OFF_6H                      000000FF
_WRTC_ON_6H                       000000DF
_WRTD_OFF_6H                      000000FF
_WRTD_ON_6H                       0000007F
_XINST_OFF_4L                     000000BF
_XINST_ON_4L                      000000FF
__18F4550                         00000001
__DEBUG                           1
checki                            00000240
checko                            00000246
dup_nop                           
i                                 00000011
loop_cnt1                         00000000
loop_cnt2                         00000001
nabilicious                       0000006C
nabilicious1                      000000EE
start                             00000210


MEMORY USAGE MAP ('X' = Used,  '-' = Unused)

0000 : XXXX----XX------ --------XXXXXXXX XXXXXXXXXXXXXXXX XXXXXXXXXXXXXXXX
0040 : XXXXXXXXXXXXXXXX XXXXXXXXXXXXXXXX XXXXXXXXXXXXXXXX XXXXXXXXXXXXXXXX
0080 : XXXXXXXXXXXXXXXX XXXXXXXXXXXXXXXX XXXXXXXXXXXXXXXX XXXXXXXXXXXXXXXX
00C0 : XXXXXXXXXXXXXXXX XXXXXXXXXXXXXXXX XXXXXXXXXXXXXXXX XXXXXXXXXXXXXXXX
0100 : XXXXXXXXXXXXXXXX XXXXXXXXXXXXXXXX XXXXXXXXXXXXXXXX XXXXXXXXXXXXXXXX
0140 : XXXXXXXXXXXXXXXX XXXXXXXXXXXXXXXX XXXXXXXXXXXXXXXX XXXXXXXXXXXXXXXX
MPASM  5.51                   MINIPROJECT.ASM   11-22-2020  16:47:23         PAGE 27


MEMORY USAGE MAP ('X' = Used,  '-' = Unused)


0180 : XXXXXXXXXXXXXXXX XXXXXXXXXXXXXXXX XXXXXXXXXXXXXXXX XXXXXXXXXXXXXXXX
01C0 : XXXXXXXXXXXXXXXX XXXXXXXXXXXXXXXX XXXXXXXXXXXXXXXX XXXXXXXXXXXXXXXX
0200 : XXXXXXXXXXXXXXXX XXXXXXXXXXXXXXXX XXXXXXXXXXXXXXXX XXXXXXXXXXXXXXXX
0240 : XXXXXXXXXXXXXXXX XXXXXXXXXXXXXXXX XXXXXXXXXXXXXXXX XXXXXXXXXXXXXXXX
0280 : XXXXXXXXXXXXXXXX XXXXXXXXXXXXXXXX XXXXXXXXXXXXXXXX XXXXXXXXXXXXXXXX
02C0 : XXXXXX---------- ---------------- ---------------- ----------------

All other memory blocks unused.

Program Memory Bytes Used:   692
Program Memory Bytes Free: 32076


Errors   :     0
Warnings :     0 reported,     0 suppressed
Messages :     0 reported,     0 suppressed

